mode: atomic
github.com/minearithmeticop/thaimart-backend-challenge/internal/app/auth/service.go:31.142,33.2 1 6
github.com/minearithmeticop/thaimart-backend-challenge/internal/app/auth/service.go:36.100,38.2 1 6
github.com/minearithmeticop/thaimart-backend-challenge/internal/app/auth/service.go:43.87,45.16 2 6
github.com/minearithmeticop/thaimart-backend-challenge/internal/app/auth/service.go:45.16,46.45 1 2
github.com/minearithmeticop/thaimart-backend-challenge/internal/app/auth/service.go:46.45,48.4 1 1
github.com/minearithmeticop/thaimart-backend-challenge/internal/app/auth/service.go:49.3,49.24 1 1
github.com/minearithmeticop/thaimart-backend-challenge/internal/app/auth/service.go:52.2,52.63 1 4
github.com/minearithmeticop/thaimart-backend-challenge/internal/app/auth/service.go:52.63,54.3 1 1
github.com/minearithmeticop/thaimart-backend-challenge/internal/app/auth/service.go:56.2,57.16 2 3
github.com/minearithmeticop/thaimart-backend-challenge/internal/app/auth/service.go:57.16,59.3 1 1
github.com/minearithmeticop/thaimart-backend-challenge/internal/app/auth/service.go:60.2,61.66 2 2
github.com/minearithmeticop/thaimart-backend-challenge/internal/app/report/reporter.go:21.113,23.2 1 2
github.com/minearithmeticop/thaimart-backend-challenge/internal/app/report/reporter.go:29.54,35.6 4 1
github.com/minearithmeticop/thaimart-backend-challenge/internal/app/report/reporter.go:35.6,36.10 1 2
github.com/minearithmeticop/thaimart-backend-challenge/internal/app/report/reporter.go:37.21,39.10 2 1
github.com/minearithmeticop/thaimart-backend-challenge/internal/app/report/reporter.go:40.19,41.21 1 1
github.com/minearithmeticop/thaimart-backend-challenge/internal/app/report/reporter.go:47.61,49.16 2 4
github.com/minearithmeticop/thaimart-backend-challenge/internal/app/report/reporter.go:49.16,52.3 2 1
github.com/minearithmeticop/thaimart-backend-challenge/internal/app/report/reporter.go:53.2,53.55 1 3
github.com/minearithmeticop/thaimart-backend-challenge/internal/app/user/service.go:37.96,39.2 1 18
github.com/minearithmeticop/thaimart-backend-challenge/internal/app/user/service.go:42.98,46.63 3 22
github.com/minearithmeticop/thaimart-backend-challenge/internal/app/user/service.go:46.63,48.3 1 6
github.com/minearithmeticop/thaimart-backend-challenge/internal/app/user/service.go:51.2,51.63 1 16
github.com/minearithmeticop/thaimart-backend-challenge/internal/app/user/service.go:51.63,53.3 1 2
github.com/minearithmeticop/thaimart-backend-challenge/internal/app/user/service.go:55.2,56.16 2 14
github.com/minearithmeticop/thaimart-backend-challenge/internal/app/user/service.go:56.16,58.3 1 1
github.com/minearithmeticop/thaimart-backend-challenge/internal/app/user/service.go:60.2,61.16 2 13
github.com/minearithmeticop/thaimart-backend-challenge/internal/app/user/service.go:61.16,63.3 1 1
github.com/minearithmeticop/thaimart-backend-challenge/internal/app/user/service.go:64.2,65.21 2 12
github.com/minearithmeticop/thaimart-backend-challenge/internal/app/user/service.go:69.76,70.24 1 3
github.com/minearithmeticop/thaimart-backend-challenge/internal/app/user/service.go:70.24,72.3 1 1
github.com/minearithmeticop/thaimart-backend-challenge/internal/app/user/service.go:73.2,73.32 1 2
github.com/minearithmeticop/thaimart-backend-challenge/internal/app/user/service.go:77.96,78.16 1 3
github.com/minearithmeticop/thaimart-backend-challenge/internal/app/user/service.go:78.16,80.3 1 1
github.com/minearithmeticop/thaimart-backend-challenge/internal/app/user/service.go:81.2,81.25 1 3
github.com/minearithmeticop/thaimart-backend-challenge/internal/app/user/service.go:81.25,83.3 1 1
github.com/minearithmeticop/thaimart-backend-challenge/internal/app/user/service.go:84.2,84.16 1 3
github.com/minearithmeticop/thaimart-backend-challenge/internal/app/user/service.go:84.16,86.3 1 1
github.com/minearithmeticop/thaimart-backend-challenge/internal/app/user/service.go:87.2,87.40 1 3
github.com/minearithmeticop/thaimart-backend-challenge/internal/app/user/service.go:91.90,92.24 1 10
github.com/minearithmeticop/thaimart-backend-challenge/internal/app/user/service.go:92.24,94.3 1 1
github.com/minearithmeticop/thaimart-backend-challenge/internal/app/user/service.go:95.2,95.39 1 9
github.com/minearithmeticop/thaimart-backend-challenge/internal/app/user/service.go:95.39,97.3 1 1
github.com/minearithmeticop/thaimart-backend-challenge/internal/app/user/service.go:99.2,100.16 2 8
github.com/minearithmeticop/thaimart-backend-challenge/internal/app/user/service.go:100.16,102.3 1 1
github.com/minearithmeticop/thaimart-backend-challenge/internal/app/user/service.go:104.2,105.16 2 7
github.com/minearithmeticop/thaimart-backend-challenge/internal/app/user/service.go:105.16,107.3 1 3
github.com/minearithmeticop/thaimart-backend-challenge/internal/app/user/service.go:108.2,108.79 1 4
github.com/minearithmeticop/thaimart-backend-challenge/internal/app/user/service.go:108.79,110.3 1 1
github.com/minearithmeticop/thaimart-backend-challenge/internal/app/user/service.go:112.2,113.16 2 3
github.com/minearithmeticop/thaimart-backend-challenge/internal/app/user/service.go:113.16,115.3 1 1
github.com/minearithmeticop/thaimart-backend-challenge/internal/app/user/service.go:116.2,117.21 2 2
github.com/minearithmeticop/thaimart-backend-challenge/internal/app/user/service.go:121.64,122.24 1 3
github.com/minearithmeticop/thaimart-backend-challenge/internal/app/user/service.go:122.24,124.3 1 1
github.com/minearithmeticop/thaimart-backend-challenge/internal/app/user/service.go:125.2,125.47 1 2
github.com/minearithmeticop/thaimart-backend-challenge/internal/app/user/service.go:125.47,127.3 1 1
github.com/minearithmeticop/thaimart-backend-challenge/internal/app/user/service.go:128.2,129.12 2 1
github.com/minearithmeticop/thaimart-backend-challenge/internal/app/user/service.go:134.81,137.17 2 7
github.com/minearithmeticop/thaimart-backend-challenge/internal/app/user/service.go:137.17,138.22 1 4
github.com/minearithmeticop/thaimart-backend-challenge/internal/app/user/service.go:138.22,140.4 1 1
github.com/minearithmeticop/thaimart-backend-challenge/internal/app/user/service.go:141.3,141.37 1 3
github.com/minearithmeticop/thaimart-backend-challenge/internal/app/user/service.go:141.37,143.4 1 1
github.com/minearithmeticop/thaimart-backend-challenge/internal/app/user/service.go:145.2,145.18 1 5
github.com/minearithmeticop/thaimart-backend-challenge/internal/app/user/service.go:145.18,146.51 1 3
github.com/minearithmeticop/thaimart-backend-challenge/internal/app/user/service.go:146.51,148.4 1 1
github.com/minearithmeticop/thaimart-backend-challenge/internal/app/user/service.go:150.2,150.18 1 4
github.com/minearithmeticop/thaimart-backend-challenge/internal/app/user/service.go:158.89,159.21 1 20
github.com/minearithmeticop/thaimart-backend-challenge/internal/app/user/service.go:159.21,161.3 1 2
github.com/minearithmeticop/thaimart-backend-challenge/internal/app/user/service.go:162.2,162.56 1 18
github.com/minearithmeticop/thaimart-backend-challenge/internal/app/user/service.go:162.56,164.3 1 2
github.com/minearithmeticop/thaimart-backend-challenge/internal/app/user/service.go:164.8,164.52 1 16
github.com/minearithmeticop/thaimart-backend-challenge/internal/app/user/service.go:164.52,166.3 1 1
github.com/minearithmeticop/thaimart-backend-challenge/internal/app/user/service.go:167.2,167.12 1 15
github.com/minearithmeticop/thaimart-backend-challenge/internal/app/user/service.go:170.33,171.14 1 7
github.com/minearithmeticop/thaimart-backend-challenge/internal/app/user/service.go:171.14,173.3 1 3
github.com/minearithmeticop/thaimart-backend-challenge/internal/app/user/service.go:174.2,175.17 2 4
github.com/minearithmeticop/thaimart-backend-challenge/internal/app/user/service.go:178.38,179.14 1 7
github.com/minearithmeticop/thaimart-backend-challenge/internal/app/user/service.go:179.14,181.3 1 4
github.com/minearithmeticop/thaimart-backend-challenge/internal/app/user/service.go:182.2,183.20 2 3
github.com/minearithmeticop/thaimart-backend-challenge/internal/app/user/validate.go:27.42,29.2 1 25
github.com/minearithmeticop/thaimart-backend-challenge/internal/app/user/validate.go:31.58,33.16 2 22
github.com/minearithmeticop/thaimart-backend-challenge/internal/app/user/validate.go:33.16,35.3 1 1
github.com/minearithmeticop/thaimart-backend-challenge/internal/app/user/validate.go:36.2,36.31 1 21
github.com/minearithmeticop/thaimart-backend-challenge/internal/app/user/validate.go:36.31,38.3 1 1
github.com/minearithmeticop/thaimart-backend-challenge/internal/app/user/validate.go:39.2,39.45 1 20
github.com/minearithmeticop/thaimart-backend-challenge/internal/app/user/validate.go:39.45,41.3 1 3
github.com/minearithmeticop/thaimart-backend-challenge/internal/app/user/validate.go:42.2,42.39 1 17
github.com/minearithmeticop/thaimart-backend-challenge/internal/app/user/validate.go:42.39,44.3 1 1
github.com/minearithmeticop/thaimart-backend-challenge/internal/app/user/validate.go:45.2,45.12 1 16
github.com/minearithmeticop/thaimart-backend-challenge/internal/app/user/validate.go:48.40,50.17 2 23
github.com/minearithmeticop/thaimart-backend-challenge/internal/app/user/validate.go:50.17,52.3 1 1
github.com/minearithmeticop/thaimart-backend-challenge/internal/app/user/validate.go:53.2,53.33 1 22
github.com/minearithmeticop/thaimart-backend-challenge/internal/app/user/validate.go:53.33,55.3 1 1
github.com/minearithmeticop/thaimart-backend-challenge/internal/app/user/validate.go:56.2,56.33 1 21
github.com/minearithmeticop/thaimart-backend-challenge/internal/app/user/validate.go:56.33,58.3 1 2
github.com/minearithmeticop/thaimart-backend-challenge/internal/app/user/validate.go:59.2,59.12 1 19
github.com/minearithmeticop/thaimart-backend-challenge/internal/app/user/validate.go:62.36,64.2 1 16
github.com/minearithmeticop/thaimart-backend-challenge/internal/config/config.go:32.29,43.67 3 12
github.com/minearithmeticop/thaimart-backend-challenge/internal/config/config.go:43.67,45.3 1 1
github.com/minearithmeticop/thaimart-backend-challenge/internal/config/config.go:46.2,46.63 1 11
github.com/minearithmeticop/thaimart-backend-challenge/internal/config/config.go:46.63,48.3 1 1
github.com/minearithmeticop/thaimart-backend-challenge/internal/config/config.go:49.2,49.82 1 10
github.com/minearithmeticop/thaimart-backend-challenge/internal/config/config.go:49.82,51.3 1 1
github.com/minearithmeticop/thaimart-backend-challenge/internal/config/config.go:53.2,53.23 1 9
github.com/minearithmeticop/thaimart-backend-challenge/internal/config/config.go:53.23,58.43 2 8
github.com/minearithmeticop/thaimart-backend-challenge/internal/config/config.go:58.43,60.4 1 0
github.com/minearithmeticop/thaimart-backend-challenge/internal/config/config.go:61.3,62.100 2 8
github.com/minearithmeticop/thaimart-backend-challenge/internal/config/config.go:65.2,65.19 1 9
github.com/minearithmeticop/thaimart-backend-challenge/internal/config/config.go:65.19,67.3 1 2
github.com/minearithmeticop/thaimart-backend-challenge/internal/config/config.go:68.2,68.43 1 7
github.com/minearithmeticop/thaimart-backend-challenge/internal/config/config.go:68.43,70.3 1 2
github.com/minearithmeticop/thaimart-backend-challenge/internal/config/config.go:71.2,71.52 1 5
github.com/minearithmeticop/thaimart-backend-challenge/internal/config/config.go:71.52,73.3 1 1
github.com/minearithmeticop/thaimart-backend-challenge/internal/config/config.go:74.2,74.24 1 4
github.com/minearithmeticop/thaimart-backend-challenge/internal/config/config.go:74.24,76.3 1 2
github.com/minearithmeticop/thaimart-backend-challenge/internal/config/config.go:77.2,77.15 1 2
github.com/minearithmeticop/thaimart-backend-challenge/internal/config/config.go:80.41,81.34 1 60
github.com/minearithmeticop/thaimart-backend-challenge/internal/config/config.go:81.34,83.3 1 17
github.com/minearithmeticop/thaimart-backend-challenge/internal/config/config.go:84.2,84.17 1 43
github.com/minearithmeticop/thaimart-backend-challenge/internal/config/config.go:87.77,89.13 2 22
github.com/minearithmeticop/thaimart-backend-challenge/internal/config/config.go:89.13,91.3 1 14
github.com/minearithmeticop/thaimart-backend-challenge/internal/config/config.go:92.2,93.16 2 8
github.com/minearithmeticop/thaimart-backend-challenge/internal/config/config.go:93.16,95.3 1 2
github.com/minearithmeticop/thaimart-backend-challenge/internal/config/config.go:96.2,96.15 1 6
github.com/minearithmeticop/thaimart-backend-challenge/internal/config/config.go:99.52,101.13 2 11
github.com/minearithmeticop/thaimart-backend-challenge/internal/config/config.go:101.13,103.3 1 7
github.com/minearithmeticop/thaimart-backend-challenge/internal/config/config.go:104.2,105.16 2 4
github.com/minearithmeticop/thaimart-backend-challenge/internal/config/config.go:105.16,107.3 1 1
github.com/minearithmeticop/thaimart-backend-challenge/internal/config/config.go:108.2,108.15 1 3
github.com/minearithmeticop/thaimart-backend-challenge/internal/domain/user.go:21.53,22.17 1 5
github.com/minearithmeticop/thaimart-backend-challenge/internal/domain/user.go:22.17,24.3 1 3
github.com/minearithmeticop/thaimart-backend-challenge/internal/domain/user.go:25.2,25.18 1 5
github.com/minearithmeticop/thaimart-backend-challenge/internal/domain/user.go:25.18,27.3 1 3
github.com/minearithmeticop/thaimart-backend-challenge/internal/domain/user.go:28.2,28.10 1 5
github.com/minearithmeticop/thaimart-backend-challenge/internal/platform/httpapi/dto.go:44.49,51.2 1 27
github.com/minearithmeticop/thaimart-backend-challenge/internal/platform/httpapi/dto.go:71.44,72.9 1 7
github.com/minearithmeticop/thaimart-backend-challenge/internal/platform/httpapi/dto.go:74.43,75.44 1 2
github.com/minearithmeticop/thaimart-backend-challenge/internal/platform/httpapi/dto.go:76.46,77.47 1 2
github.com/minearithmeticop/thaimart-backend-challenge/internal/platform/httpapi/dto.go:78.52,79.53 1 2
github.com/minearithmeticop/thaimart-backend-challenge/internal/platform/httpapi/dto.go:80.52,81.62 1 1
github.com/minearithmeticop/thaimart-backend-challenge/internal/platform/httpapi/dto.go:82.46,83.61 1 0
github.com/minearithmeticop/thaimart-backend-challenge/internal/platform/httpapi/dto.go:84.10,85.65 1 0
github.com/minearithmeticop/thaimart-backend-challenge/internal/platform/httpapi/dto.go:91.46,93.19 2 7
github.com/minearithmeticop/thaimart-backend-challenge/internal/platform/httpapi/dto.go:93.19,95.3 1 0
github.com/minearithmeticop/thaimart-backend-challenge/internal/platform/httpapi/dto.go:96.2,96.37 1 7
github.com/minearithmeticop/thaimart-backend-challenge/internal/platform/httpapi/handlers.go:24.70,26.2 1 13
github.com/minearithmeticop/thaimart-backend-challenge/internal/platform/httpapi/handlers.go:29.44,31.42 2 12
github.com/minearithmeticop/thaimart-backend-challenge/internal/platform/httpapi/handlers.go:31.42,34.3 2 1
github.com/minearithmeticop/thaimart-backend-challenge/internal/platform/httpapi/handlers.go:35.2,36.16 2 11
github.com/minearithmeticop/thaimart-backend-challenge/internal/platform/httpapi/handlers.go:36.16,39.3 2 1
github.com/minearithmeticop/thaimart-backend-challenge/internal/platform/httpapi/handlers.go:40.2,41.47 2 10
github.com/minearithmeticop/thaimart-backend-challenge/internal/platform/httpapi/handlers.go:45.41,47.42 2 10
github.com/minearithmeticop/thaimart-backend-challenge/internal/platform/httpapi/handlers.go:47.42,50.3 2 0
github.com/minearithmeticop/thaimart-backend-challenge/internal/platform/httpapi/handlers.go:51.2,52.16 2 10
github.com/minearithmeticop/thaimart-backend-challenge/internal/platform/httpapi/handlers.go:52.16,55.3 2 1
github.com/minearithmeticop/thaimart-backend-challenge/internal/platform/httpapi/handlers.go:56.2,61.4 1 9
github.com/minearithmeticop/thaimart-backend-challenge/internal/platform/httpapi/handlers.go:65.46,67.42 2 5
github.com/minearithmeticop/thaimart-backend-challenge/internal/platform/httpapi/handlers.go:67.42,70.3 2 0
github.com/minearithmeticop/thaimart-backend-challenge/internal/platform/httpapi/handlers.go:71.2,72.16 2 5
github.com/minearithmeticop/thaimart-backend-challenge/internal/platform/httpapi/handlers.go:72.16,75.3 2 0
github.com/minearithmeticop/thaimart-backend-challenge/internal/platform/httpapi/handlers.go:76.2,77.47 2 5
github.com/minearithmeticop/thaimart-backend-challenge/internal/platform/httpapi/handlers.go:81.43,83.16 2 4
github.com/minearithmeticop/thaimart-backend-challenge/internal/platform/httpapi/handlers.go:83.16,86.3 2 3
github.com/minearithmeticop/thaimart-backend-challenge/internal/platform/httpapi/handlers.go:87.2,87.42 1 1
github.com/minearithmeticop/thaimart-backend-challenge/internal/platform/httpapi/handlers.go:91.45,93.16 2 2
github.com/minearithmeticop/thaimart-backend-challenge/internal/platform/httpapi/handlers.go:93.16,96.3 2 1
github.com/minearithmeticop/thaimart-backend-challenge/internal/platform/httpapi/handlers.go:97.2,98.16 2 1
github.com/minearithmeticop/thaimart-backend-challenge/internal/platform/httpapi/handlers.go:98.16,101.3 2 0
github.com/minearithmeticop/thaimart-backend-challenge/internal/platform/httpapi/handlers.go:103.2,104.16 2 1
github.com/minearithmeticop/thaimart-backend-challenge/internal/platform/httpapi/handlers.go:104.16,107.3 2 0
github.com/minearithmeticop/thaimart-backend-challenge/internal/platform/httpapi/handlers.go:109.2,115.21 2 1
github.com/minearithmeticop/thaimart-backend-challenge/internal/platform/httpapi/handlers.go:115.21,117.3 1 0
github.com/minearithmeticop/thaimart-backend-challenge/internal/platform/httpapi/handlers.go:118.2,118.26 1 1
github.com/minearithmeticop/thaimart-backend-challenge/internal/platform/httpapi/handlers.go:118.26,120.3 1 1
github.com/minearithmeticop/thaimart-backend-challenge/internal/platform/httpapi/handlers.go:121.2,121.29 1 1
github.com/minearithmeticop/thaimart-backend-challenge/internal/platform/httpapi/handlers.go:125.46,127.42 2 2
github.com/minearithmeticop/thaimart-backend-challenge/internal/platform/httpapi/handlers.go:127.42,130.3 2 0
github.com/minearithmeticop/thaimart-backend-challenge/internal/platform/httpapi/handlers.go:131.2,135.16 2 2
github.com/minearithmeticop/thaimart-backend-challenge/internal/platform/httpapi/handlers.go:135.16,138.3 2 1
github.com/minearithmeticop/thaimart-backend-challenge/internal/platform/httpapi/handlers.go:139.2,139.42 1 1
github.com/minearithmeticop/thaimart-backend-challenge/internal/platform/httpapi/handlers.go:143.46,144.75 1 1
github.com/minearithmeticop/thaimart-backend-challenge/internal/platform/httpapi/handlers.go:144.75,147.3 2 0
github.com/minearithmeticop/thaimart-backend-challenge/internal/platform/httpapi/handlers.go:148.2,148.32 1 1
github.com/minearithmeticop/thaimart-backend-challenge/internal/platform/httpapi/handlers.go:154.46,155.46 1 29
github.com/minearithmeticop/thaimart-backend-challenge/internal/platform/httpapi/handlers.go:155.46,156.29 1 1
github.com/minearithmeticop/thaimart-backend-challenge/internal/platform/httpapi/handlers.go:156.29,158.4 1 0
github.com/minearithmeticop/thaimart-backend-challenge/internal/platform/httpapi/handlers.go:159.3,159.83 1 1
github.com/minearithmeticop/thaimart-backend-challenge/internal/platform/httpapi/handlers.go:161.2,161.12 1 28
github.com/minearithmeticop/thaimart-backend-challenge/internal/platform/httpapi/handlers.go:164.60,166.15 2 3
github.com/minearithmeticop/thaimart-backend-challenge/internal/platform/httpapi/handlers.go:166.15,168.3 1 0
github.com/minearithmeticop/thaimart-backend-challenge/internal/platform/httpapi/handlers.go:169.2,169.38 1 3
github.com/minearithmeticop/thaimart-backend-challenge/internal/platform/httpapi/middleware.go:16.52,17.30 1 13
github.com/minearithmeticop/thaimart-backend-challenge/internal/platform/httpapi/middleware.go:17.30,27.3 3 44
github.com/minearithmeticop/thaimart-backend-challenge/internal/platform/httpapi/middleware.go:34.56,35.30 1 13
github.com/minearithmeticop/thaimart-backend-challenge/internal/platform/httpapi/middleware.go:35.30,37.25 2 21
github.com/minearithmeticop/thaimart-backend-challenge/internal/platform/httpapi/middleware.go:37.25,42.4 2 5
github.com/minearithmeticop/thaimart-backend-challenge/internal/platform/httpapi/middleware.go:43.3,44.17 2 16
github.com/minearithmeticop/thaimart-backend-challenge/internal/platform/httpapi/middleware.go:44.17,47.4 2 2
github.com/minearithmeticop/thaimart-backend-challenge/internal/platform/httpapi/middleware.go:48.3,49.11 2 14
github.com/minearithmeticop/thaimart-backend-challenge/internal/platform/httpapi/router.go:34.15,43.41 6 13
github.com/minearithmeticop/thaimart-backend-challenge/internal/platform/httpapi/router.go:43.41,46.42 3 1
github.com/minearithmeticop/thaimart-backend-challenge/internal/platform/httpapi/router.go:46.42,49.4 2 0
github.com/minearithmeticop/thaimart-backend-challenge/internal/platform/httpapi/router.go:50.3,50.47 1 1
github.com/minearithmeticop/thaimart-backend-challenge/internal/platform/httpapi/router.go:53.2,54.2 2 13
github.com/minearithmeticop/thaimart-backend-challenge/internal/platform/httpapi/router.go:54.2,57.3 2 13
github.com/minearithmeticop/thaimart-backend-challenge/internal/platform/httpapi/router.go:59.2,60.2 2 13
github.com/minearithmeticop/thaimart-backend-challenge/internal/platform/httpapi/router.go:60.2,66.3 5 13
github.com/minearithmeticop/thaimart-backend-challenge/internal/platform/httpapi/router.go:68.2,68.10 1 13
github.com/minearithmeticop/thaimart-backend-challenge/internal/platform/grpcapi/server.go:37.93,47.2 5 3
github.com/minearithmeticop/thaimart-backend-challenge/internal/platform/grpcapi/server.go:51.80,52.112 1 3
github.com/minearithmeticop/thaimart-backend-challenge/internal/platform/grpcapi/server.go:52.112,53.62 1 10
github.com/minearithmeticop/thaimart-backend-challenge/internal/platform/grpcapi/server.go:53.62,55.4 1 0
github.com/minearithmeticop/thaimart-backend-challenge/internal/platform/grpcapi/server.go:57.3,58.10 2 10
github.com/minearithmeticop/thaimart-backend-challenge/internal/platform/grpcapi/server.go:58.10,60.4 1 0
github.com/minearithmeticop/thaimart-backend-challenge/internal/platform/grpcapi/server.go:61.3,62.23 2 10
github.com/minearithmeticop/thaimart-backend-challenge/internal/platform/grpcapi/server.go:62.23,64.4 1 1
github.com/minearithmeticop/thaimart-backend-challenge/internal/platform/grpcapi/server.go:65.3,66.28 2 9
github.com/minearithmeticop/thaimart-backend-challenge/internal/platform/grpcapi/server.go:66.28,68.4 1 1
github.com/minearithmeticop/thaimart-backend-challenge/internal/platform/grpcapi/server.go:70.3,70.68 1 8
github.com/minearithmeticop/thaimart-backend-challenge/internal/platform/grpcapi/server.go:70.68,72.4 1 1
github.com/minearithmeticop/thaimart-backend-challenge/internal/platform/grpcapi/server.go:73.3,73.27 1 7
github.com/minearithmeticop/thaimart-backend-challenge/internal/platform/grpcapi/server.go:78.76,79.112 1 3
github.com/minearithmeticop/thaimart-backend-challenge/internal/platform/grpcapi/server.go:79.112,81.17 2 7
github.com/minearithmeticop/thaimart-backend-challenge/internal/platform/grpcapi/server.go:81.17,83.4 1 4
github.com/minearithmeticop/thaimart-backend-challenge/internal/platform/grpcapi/server.go:83.9,85.4 1 3
github.com/minearithmeticop/thaimart-backend-challenge/internal/platform/grpcapi/server.go:86.3,86.19 1 7
github.com/minearithmeticop/thaimart-backend-challenge/internal/platform/grpcapi/server.go:91.117,93.16 2 4
github.com/minearithmeticop/thaimart-backend-challenge/internal/platform/grpcapi/server.go:93.16,95.3 1 2
github.com/minearithmeticop/thaimart-backend-challenge/internal/platform/grpcapi/server.go:96.2,96.58 1 2
github.com/minearithmeticop/thaimart-backend-challenge/internal/platform/grpcapi/server.go:100.108,102.16 2 3
github.com/minearithmeticop/thaimart-backend-challenge/internal/platform/grpcapi/server.go:102.16,104.3 1 2
github.com/minearithmeticop/thaimart-backend-challenge/internal/platform/grpcapi/server.go:105.2,105.55 1 1
github.com/minearithmeticop/thaimart-backend-challenge/internal/platform/grpcapi/server.go:108.42,115.2 1 3
github.com/minearithmeticop/thaimart-backend-challenge/internal/platform/grpcapi/server.go:119.32,120.9 1 4
github.com/minearithmeticop/thaimart-backend-challenge/internal/platform/grpcapi/server.go:121.87,122.58 1 2
github.com/minearithmeticop/thaimart-backend-challenge/internal/platform/grpcapi/server.go:123.46,124.56 1 1
github.com/minearithmeticop/thaimart-backend-challenge/internal/platform/grpcapi/server.go:125.52,126.67 1 1
github.com/minearithmeticop/thaimart-backend-challenge/internal/platform/grpcapi/server.go:127.92,128.61 1 0
github.com/minearithmeticop/thaimart-backend-challenge/internal/platform/grpcapi/server.go:129.10,130.56 1 0
github.com/minearithmeticop/thaimart-backend-challenge/internal/platform/security/bcrypt.go:18.46,20.2 1 1
github.com/minearithmeticop/thaimart-backend-challenge/internal/platform/security/bcrypt.go:22.63,24.16 2 2
github.com/minearithmeticop/thaimart-backend-challenge/internal/platform/security/bcrypt.go:24.16,26.3 1 0
github.com/minearithmeticop/thaimart-backend-challenge/internal/platform/security/bcrypt.go:27.2,27.23 1 2
github.com/minearithmeticop/thaimart-backend-challenge/internal/platform/security/bcrypt.go:33.62,34.87 1 3
github.com/minearithmeticop/thaimart-backend-challenge/internal/platform/security/bcrypt.go:34.87,36.3 1 2
github.com/minearithmeticop/thaimart-backend-challenge/internal/platform/security/bcrypt.go:37.2,37.12 1 1
github.com/minearithmeticop/thaimart-backend-challenge/internal/platform/security/jwt.go:26.66,32.2 1 7
github.com/minearithmeticop/thaimart-backend-challenge/internal/platform/security/jwt.go:34.80,46.16 5 3
github.com/minearithmeticop/thaimart-backend-challenge/internal/platform/security/jwt.go:46.16,48.3 1 0
github.com/minearithmeticop/thaimart-backend-challenge/internal/platform/security/jwt.go:49.2,49.31 1 3
github.com/minearithmeticop/thaimart-backend-challenge/internal/platform/security/jwt.go:52.69,53.71 1 6
github.com/minearithmeticop/thaimart-backend-challenge/internal/platform/security/jwt.go:53.71,55.41 1 4
github.com/minearithmeticop/thaimart-backend-challenge/internal/platform/security/jwt.go:55.41,57.4 1 0
github.com/minearithmeticop/thaimart-backend-challenge/internal/platform/security/jwt.go:58.3,58.23 1 4
github.com/minearithmeticop/thaimart-backend-challenge/internal/platform/security/jwt.go:60.2,60.32 1 6
github.com/minearithmeticop/thaimart-backend-challenge/internal/platform/security/jwt.go:60.32,62.3 1 4
github.com/minearithmeticop/thaimart-backend-challenge/internal/platform/security/jwt.go:64.2,65.9 2 2
github.com/minearithmeticop/thaimart-backend-challenge/internal/platform/security/jwt.go:65.9,67.3 1 0
github.com/minearithmeticop/thaimart-backend-challenge/internal/platform/security/jwt.go:68.2,69.15 2 2
github.com/minearithmeticop/thaimart-backend-challenge/internal/platform/security/jwt.go:69.15,71.3 1 1
github.com/minearithmeticop/thaimart-backend-challenge/internal/platform/security/jwt.go:72.2,75.44 3 1
github.com/minearithmeticop/thaimart-backend-challenge/internal/platform/security/jwt.go:75.44,77.3 1 1
github.com/minearithmeticop/thaimart-backend-challenge/internal/platform/security/jwt.go:78.2,78.73 1 1
github.com/minearithmeticop/thaimart-backend-challenge/internal/platform/mongostore/user_repository.go:34.41,42.2 1 6
github.com/minearithmeticop/thaimart-backend-challenge/internal/platform/mongostore/user_repository.go:52.90,58.16 3 10
github.com/minearithmeticop/thaimart-backend-challenge/internal/platform/mongostore/user_repository.go:58.16,60.3 1 0
github.com/minearithmeticop/thaimart-backend-challenge/internal/platform/mongostore/user_repository.go:61.2,61.41 1 10
github.com/minearithmeticop/thaimart-backend-challenge/internal/platform/mongostore/user_repository.go:67.25,69.2 1 23
github.com/minearithmeticop/thaimart-backend-challenge/internal/platform/mongostore/user_repository.go:71.90,81.16 4 23
github.com/minearithmeticop/thaimart-backend-challenge/internal/platform/mongostore/user_repository.go:81.16,82.37 1 10
github.com/minearithmeticop/thaimart-backend-challenge/internal/platform/mongostore/user_repository.go:82.37,84.4 1 10
github.com/minearithmeticop/thaimart-backend-challenge/internal/platform/mongostore/user_repository.go:85.3,85.62 1 0
github.com/minearithmeticop/thaimart-backend-challenge/internal/platform/mongostore/user_repository.go:87.2,90.21 4 13
github.com/minearithmeticop/thaimart-backend-challenge/internal/platform/mongostore/user_repository.go:93.87,95.16 2 5
github.com/minearithmeticop/thaimart-backend-challenge/internal/platform/mongostore/user_repository.go:95.16,97.3 1 1
github.com/minearithmeticop/thaimart-backend-challenge/internal/platform/mongostore/user_repository.go:98.2,98.43 1 4
github.com/minearithmeticop/thaimart-backend-challenge/internal/platform/mongostore/user_repository.go:101.93,103.2 1 2
github.com/minearithmeticop/thaimart-backend-challenge/internal/platform/mongostore/user_repository.go:105.91,107.65 2 6
github.com/minearithmeticop/thaimart-backend-challenge/internal/platform/mongostore/user_repository.go:107.65,108.43 1 3
github.com/minearithmeticop/thaimart-backend-challenge/internal/platform/mongostore/user_repository.go:108.43,110.4 1 3
github.com/minearithmeticop/thaimart-backend-challenge/internal/platform/mongostore/user_repository.go:111.3,111.60 1 0
github.com/minearithmeticop/thaimart-backend-challenge/internal/platform/mongostore/user_repository.go:113.2,113.28 1 3
github.com/minearithmeticop/thaimart-backend-challenge/internal/platform/mongostore/user_repository.go:116.103,118.16 2 3
github.com/minearithmeticop/thaimart-backend-challenge/internal/platform/mongostore/user_repository.go:118.16,120.3 1 0
github.com/minearithmeticop/thaimart-backend-challenge/internal/platform/mongostore/user_repository.go:121.2,121.35 1 3
github.com/minearithmeticop/thaimart-backend-challenge/internal/platform/mongostore/user_repository.go:121.35,123.3 1 1
github.com/minearithmeticop/thaimart-backend-challenge/internal/platform/mongostore/user_repository.go:125.2,130.16 2 2
github.com/minearithmeticop/thaimart-backend-challenge/internal/platform/mongostore/user_repository.go:130.16,132.3 1 0
github.com/minearithmeticop/thaimart-backend-challenge/internal/platform/mongostore/user_repository.go:133.2,134.47 2 2
github.com/minearithmeticop/thaimart-backend-challenge/internal/platform/mongostore/user_repository.go:134.47,136.3 1 0
github.com/minearithmeticop/thaimart-backend-challenge/internal/platform/mongostore/user_repository.go:138.2,139.25 2 2
github.com/minearithmeticop/thaimart-backend-challenge/internal/platform/mongostore/user_repository.go:139.25,141.3 1 3
github.com/minearithmeticop/thaimart-backend-challenge/internal/platform/mongostore/user_repository.go:142.2,142.26 1 2
github.com/minearithmeticop/thaimart-backend-challenge/internal/platform/mongostore/user_repository.go:145.90,147.16 2 3
github.com/minearithmeticop/thaimart-backend-challenge/internal/platform/mongostore/user_repository.go:147.16,149.3 1 0
github.com/minearithmeticop/thaimart-backend-challenge/internal/platform/mongostore/user_repository.go:152.2,159.16 2 3
github.com/minearithmeticop/thaimart-backend-challenge/internal/platform/mongostore/user_repository.go:159.16,160.37 1 1
github.com/minearithmeticop/thaimart-backend-challenge/internal/platform/mongostore/user_repository.go:160.37,162.4 1 1
github.com/minearithmeticop/thaimart-backend-challenge/internal/platform/mongostore/user_repository.go:163.3,163.62 1 0
github.com/minearithmeticop/thaimart-backend-challenge/internal/platform/mongostore/user_repository.go:165.2,165.27 1 2
github.com/minearithmeticop/thaimart-backend-challenge/internal/platform/mongostore/user_repository.go:165.27,167.3 1 1
github.com/minearithmeticop/thaimart-backend-challenge/internal/platform/mongostore/user_repository.go:168.2,168.15 1 1
github.com/minearithmeticop/thaimart-backend-challenge/internal/platform/mongostore/user_repository.go:171.71,173.16 2 2
github.com/minearithmeticop/thaimart-backend-challenge/internal/platform/mongostore/user_repository.go:173.16,175.3 1 0
github.com/minearithmeticop/thaimart-backend-challenge/internal/platform/mongostore/user_repository.go:176.2,177.16 2 2
github.com/minearithmeticop/thaimart-backend-challenge/internal/platform/mongostore/user_repository.go:177.16,179.3 1 0
github.com/minearithmeticop/thaimart-backend-challenge/internal/platform/mongostore/user_repository.go:180.2,180.27 1 2
github.com/minearithmeticop/thaimart-backend-challenge/internal/platform/mongostore/user_repository.go:180.27,182.3 1 1
github.com/minearithmeticop/thaimart-backend-challenge/internal/platform/mongostore/user_repository.go:183.2,183.12 1 1
github.com/minearithmeticop/thaimart-backend-challenge/internal/platform/mongostore/user_repository.go:186.68,188.16 2 2
github.com/minearithmeticop/thaimart-backend-challenge/internal/platform/mongostore/user_repository.go:188.16,190.3 1 0
github.com/minearithmeticop/thaimart-backend-challenge/internal/platform/mongostore/user_repository.go:191.2,191.15 1 2
github.com/minearithmeticop/thaimart-backend-challenge/cmd/api/main.go:33.13,34.30 1 0
github.com/minearithmeticop/thaimart-backend-challenge/cmd/api/main.go:34.30,37.3 2 0
github.com/minearithmeticop/thaimart-backend-challenge/cmd/api/main.go:38.2,38.36 1 0
github.com/minearithmeticop/thaimart-backend-challenge/cmd/api/main.go:41.18,43.16 2 0
github.com/minearithmeticop/thaimart-backend-challenge/cmd/api/main.go:43.16,45.3 1 0
github.com/minearithmeticop/thaimart-backend-challenge/cmd/api/main.go:46.2,57.16 6 0
github.com/minearithmeticop/thaimart-backend-challenge/cmd/api/main.go:57.16,59.3 1 0
github.com/minearithmeticop/thaimart-backend-challenge/cmd/api/main.go:60.2,62.65 3 0
github.com/minearithmeticop/thaimart-backend-challenge/cmd/api/main.go:62.65,64.3 1 0
github.com/minearithmeticop/thaimart-backend-challenge/cmd/api/main.go:65.2,70.16 5 0
github.com/minearithmeticop/thaimart-backend-challenge/cmd/api/main.go:70.16,72.3 1 0
github.com/minearithmeticop/thaimart-backend-challenge/cmd/api/main.go:74.2,97.16 8 0
github.com/minearithmeticop/thaimart-backend-challenge/cmd/api/main.go:97.16,99.3 1 0
github.com/minearithmeticop/thaimart-backend-challenge/cmd/api/main.go:100.2,103.12 3 0
github.com/minearithmeticop/thaimart-backend-challenge/cmd/api/main.go:103.12,105.91 2 0
github.com/minearithmeticop/thaimart-backend-challenge/cmd/api/main.go:105.91,107.4 1 0
github.com/minearithmeticop/thaimart-backend-challenge/cmd/api/main.go:109.2,109.12 1 0
github.com/minearithmeticop/thaimart-backend-challenge/cmd/api/main.go:109.12,111.90 2 0
github.com/minearithmeticop/thaimart-backend-challenge/cmd/api/main.go:111.90,113.4 1 0
github.com/minearithmeticop/thaimart-backend-challenge/cmd/api/main.go:116.2,116.9 1 0
github.com/minearithmeticop/thaimart-backend-challenge/cmd/api/main.go:117.22,118.13 1 0
github.com/minearithmeticop/thaimart-backend-challenge/cmd/api/main.go:119.20,123.13 4 0
github.com/minearithmeticop/thaimart-backend-challenge/cmd/api/main.go:127.37,130.42 3 0
github.com/minearithmeticop/thaimart-backend-challenge/cmd/api/main.go:130.42,132.3 1 0
github.com/minearithmeticop/thaimart-backend-challenge/cmd/api/main.go:135.37,137.12 2 0
github.com/minearithmeticop/thaimart-backend-challenge/cmd/api/main.go:137.12,140.3 2 0
github.com/minearithmeticop/thaimart-backend-challenge/cmd/api/main.go:141.2,141.9 1 0
github.com/minearithmeticop/thaimart-backend-challenge/cmd/api/main.go:142.14,142.14 0 0
github.com/minearithmeticop/thaimart-backend-challenge/cmd/api/main.go:143.38,144.13 1 0
github.com/minearithmeticop/thaimart-backend-challenge/cmd/api/main.go:152.54,154.2 1 0
github.com/minearithmeticop/thaimart-backend-challenge/cmd/api/main.go:156.44,157.22 1 0
github.com/minearithmeticop/thaimart-backend-challenge/cmd/api/main.go:157.22,159.3 1 0
github.com/minearithmeticop/thaimart-backend-challenge/cmd/api/main.go:160.2,160.54 1 0
